c:\users\dktmv\documents\github\superdodge_ex\superdodge\x64\release\vc143.pdb
c:\users\dktmv\documents\github\superdodge_ex\superdodge\x64\release\textrenderer.obj
c:\users\dktmv\documents\github\superdodge_ex\superdodge\x64\release\renderer.obj
c:\users\dktmv\documents\github\superdodge_ex\superdodge\x64\release\primitiverenderer.obj
c:\users\dktmv\documents\github\superdodge_ex\superdodge\x64\release\graphicscontext.obj
c:\users\dktmv\documents\github\superdodge_ex\superdodge\x64\release\main.obj
c:\users\dktmv\documents\github\superdodge_ex\superdodge\x64\release\gamemanager.obj
c:\users\dktmv\documents\github\superdodge_ex\superdodge\x64\release\windowcontext.obj
c:\users\dktmv\documents\github\superdodge_ex\superdodge\x64\release\gameloop.obj
c:\users\dktmv\documents\github\superdodge_ex\superdodge\x64\release\audiomanager.obj
c:\users\dktmv\documents\github\superdodge_ex\x64\release\ps.cso
c:\users\dktmv\documents\github\superdodge_ex\x64\release\vs.cso
c:\users\dktmv\documents\github\superdodge_ex\x64\release\superdodge.exe
c:\users\dktmv\documents\github\superdodge_ex\x64\release\superdodge.pdb
c:\users\dktmv\documents\github\superdodge_ex\superdodge\x64\release\superdodge.ipdb
c:\users\dktmv\documents\github\superdodge_ex\superdodge\x64\release\superdodge.iobj
c:\users\dktmv\documents\github\superdodge_ex\superdodge\x64\release\superdodge.tlog\cl.command.1.tlog
c:\users\dktmv\documents\github\superdodge_ex\superdodge\x64\release\superdodge.tlog\cl.items.tlog
c:\users\dktmv\documents\github\superdodge_ex\superdodge\x64\release\superdodge.tlog\cl.read.1.tlog
c:\users\dktmv\documents\github\superdodge_ex\superdodge\x64\release\superdodge.tlog\cl.write.1.tlog
c:\users\dktmv\documents\github\superdodge_ex\superdodge\x64\release\superdodge.tlog\fxc.command.1.tlog
c:\users\dktmv\documents\github\superdodge_ex\superdodge\x64\release\superdodge.tlog\fxc.read.1.tlog
c:\users\dktmv\documents\github\superdodge_ex\superdodge\x64\release\superdodge.tlog\fxc.write.1.tlog
c:\users\dktmv\documents\github\superdodge_ex\superdodge\x64\release\superdodge.tlog\link.command.1.tlog
c:\users\dktmv\documents\github\superdodge_ex\superdodge\x64\release\superdodge.tlog\link.read.1.tlog
c:\users\dktmv\documents\github\superdodge_ex\superdodge\x64\release\superdodge.tlog\link.secondary.1.tlog
c:\users\dktmv\documents\github\superdodge_ex\superdodge\x64\release\superdodge.tlog\link.write.1.tlog
