c:\users\dktmv\documents\github\superdodge_ex\superdodge\x64\debug\vc143.pdb
c:\users\dktmv\documents\github\superdodge_ex\superdodge\x64\debug\vc143.idb
c:\users\dktmv\documents\github\superdodge_ex\superdodge\x64\debug\textrenderer.obj
c:\users\dktmv\documents\github\superdodge_ex\superdodge\x64\debug\renderer.obj
c:\users\dktmv\documents\github\superdodge_ex\superdodge\x64\debug\primitiverenderer.obj
c:\users\dktmv\documents\github\superdodge_ex\superdodge\x64\debug\graphicscontext.obj
c:\users\dktmv\documents\github\superdodge_ex\superdodge\x64\debug\main.obj
c:\users\dktmv\documents\github\superdodge_ex\superdodge\x64\debug\gamemanager.obj
c:\users\dktmv\documents\github\superdodge_ex\superdodge\x64\debug\windowcontext.obj
c:\users\dktmv\documents\github\superdodge_ex\superdodge\x64\debug\gameloop.obj
c:\users\dktmv\documents\github\superdodge_ex\x64\debug\superdodge.exe
c:\users\dktmv\documents\github\superdodge_ex\x64\debug\superdodge.pdb
c:\users\dktmv\documents\github\superdodge_ex\superdodge\x64\debug\superdodge.ilk
c:\users\dktmv\documents\github\superdodge_ex\superdodge\x64\debug\superdodge.tlog\cl.command.1.tlog
c:\users\dktmv\documents\github\superdodge_ex\superdodge\x64\debug\superdodge.tlog\cl.items.tlog
c:\users\dktmv\documents\github\superdodge_ex\superdodge\x64\debug\superdodge.tlog\cl.read.1.tlog
c:\users\dktmv\documents\github\superdodge_ex\superdodge\x64\debug\superdodge.tlog\cl.write.1.tlog
c:\users\dktmv\documents\github\superdodge_ex\superdodge\x64\debug\superdodge.tlog\link.command.1.tlog
c:\users\dktmv\documents\github\superdodge_ex\superdodge\x64\debug\superdodge.tlog\link.read.1.tlog
c:\users\dktmv\documents\github\superdodge_ex\superdodge\x64\debug\superdodge.tlog\link.secondary.1.tlog
c:\users\dktmv\documents\github\superdodge_ex\superdodge\x64\debug\superdodge.tlog\link.write.1.tlog
